// Jest Snapshot v1, https://goo.gl/fbAQLP

exports[`NotFoundPage renders correctly 1`] = `
<div>
  <div>
    <div>
      <div>
        <div>
          <h2>
            Bitmex Client
          </h2>
          <h2>
            v0.0.1
          </h2>
        </div>
        <div>
          <div>
            Select symbol:
          </div>
          <span
            className="bp3-popover-wrapper"
          >
            <span
              className="bp3-popover-target"
              onClick={[Function]}
            >
              <div
                className=""
                onKeyDown={[Function]}
              >
                <button
                  className="bp3-button"
                  onKeyDown={[Function]}
                  onKeyUp={[Function]}
                  type="button"
                >
                  <span
                    className="bp3-button-text"
                  >
                    XBTUSD
                  </span>
                  <span
                    className="bp3-icon bp3-icon-caret-down"
                    icon="caret-down"
                  >
                    <svg
                      data-icon="caret-down"
                      height={16}
                      viewBox="0 0 16 16"
                      width={16}
                    >
                      <desc>
                        caret-down
                      </desc>
                      <path
                        d="M12 6.5c0-.28-.22-.5-.5-.5h-7a.495.495 0 00-.37.83l3.5 4c.09.1.22.17.37.17s.28-.07.37-.17l3.5-4c.08-.09.13-.2.13-.33z"
                        fillRule="evenodd"
                      />
                    </svg>
                  </span>
                </button>
              </div>
            </span>
          </span>
        </div>
      </div>
    </div>
    <div>
      404 - Page not found!
    </div>
  </div>
</div>
`;
